--- Start BURT header
Time:     Wed Mar 23 11:33:34 2016
Login ID: controls (controls,,,)
Eff  UID: 1001
Group ID: 1001
Keywords: 
Comments: 
Type:     Absolute
Directory /home/controls/Documents/mbarton/vistools
Req File: /tmp/tmpVGbqo9
--- End BURT header
K1:VIS-EY_TM_OPTICALIGN_P_OFFSET 1 4.999999999999998e-01
K1:VIS-EY_TM_OPTICALIGN_Y_OFFSET 1 0.000000000000000e+00
